// Jest Snapshot v1, https://goo.gl/fbAQLP

exports[`Leaderboard Should initialized with default options 1`] = `
<div
  class=".leaderboard-root"
>
  <div
    class="lb"
  >
    <div
      class="lb_col"
    >
      <h3
        class="lb_header_text_primary"
      >
        name
      </h3>
      <div
        class="lb_cell_container"
      >
        <div
          class="lb_cell"
        >
          <p
            class="lb_text_primary"
          >
            Peter
          </p>
        </div>
      </div>
      <div
        class="lb_cell_container"
      >
        <div
          class="lb_cell"
        >
          <p
            class="lb_text_primary"
          >
            Bob
          </p>
        </div>
      </div>
    </div>
    <div
      class="lb_col"
    >
      <h3
        class="lb_header_text_primary"
      >
        points
      </h3>
      <div
        class="lb_cell_container"
      >
        <div
          class="lb_cell"
        >
          <p
            class="lb_text_primary"
          >
            50
          </p>
        </div>
      </div>
      <div
        class="lb_cell_container"
      >
        <div
          class="lb_cell"
        >
          <p
            class="lb_text_primary"
          >
            10
          </p>
        </div>
      </div>
    </div>
  </div>
</div>
`;
